[esportstemplate.webflow.io/shop.html]
[backblue.gif]
[fade.gif]
[index.html]
[esportstemplate.webflow.io/home.html]
[ajax.googleapis.com/ajax/libs/webfont/1.6.26/webfont.js]
[esportstemplate.webflow.io/about.html]
[esportstemplate.webflow.io/team.html]
[esportstemplate.webflow.io/sponsors.html]
[esportstemplate.webflow.io/404.html]
[esportstemplate.webflow.io/401.html]
[assets-global.website-files.com/60358955e12a8a2413b99edc/603810f50c0e56435c5367de_bg-blog-hero-esports-template.jpg]
[assets-global.website-files.com/60358955e12a8aa033b99eed/6036d46fa92a90052220e3df_image-1-product-esports-template.png]
[assets-global.website-files.com/60358955e12a8aa033b99eed/6036d42f3249552a354d89d3_image-2-product-esports-template.png]
[assets-global.website-files.com/60358955e12a8aa033b99eed/6036d3c7c64ae1d8a32a13a5_image-3-product-esports-template.png]
[assets-global.website-files.com/60358955e12a8aa033b99eed/6036d372de6bc4d12a2e7a69_image-4-product-esports-template.png]
[assets-global.website-files.com/60358955e12a8aa033b99eed/6036d1a0d4e1d1073e209d1e_image-5-product-esports-template.png]
[assets-global.website-files.com/60358955e12a8aa033b99eed/6036d0a225c3ca3656732608_image-6-product-esports-template.png]
[assets-global.website-files.com/60358955e12a8aa033b99eed/6036cebec1c3227565cf431b_image-7-product-esports-template.png]
[assets-global.website-files.com/60358955e12a8aa033b99eed/6036be8265493c51e87a72c4_image-8-product-esports-template.png]
[assets-global.website-files.com/60358955e12a8a2413b99edc/60393168d625230e70b70d02_bg-shop-newsletter-esports-template.jpg]
[esportstemplate.webflow.io/shop.html]
[assets-global.website-files.com/60358955e12a8a2413b99edc/css/fragsync.css]
[assets-global.website-files.com/60358955e12a8a2413b99edc/js/webflow.c7cba8025.js]
[d3e54v103j8qbb.cloudfront.net/js/jquery-3.5.1.min.dc5e7f18c84b4e.js]
[assets-global.website-files.com/60358955e12a8a2413b99edc/60368b708e2a43ff43aa946b_image-1-instagram-esports-template.jpg]
[assets-global.website-files.com/60358955e12a8a2413b99edc/60368b707818036059a6a461_image-2-instagram-esports-template.jpg]
[assets-global.website-files.com/60358955e12a8a2413b99edc/60368b70585da2e5a4df97a3_image-3-instagram-esports-template.jpg]
[assets-global.website-files.com/60358955e12a8a2413b99edc/60368b708a74a47d39b46056_image-4-instagram-esports-template.jpg]
[assets-global.website-files.com/60358955e12a8a2413b99edc/6035aa3bd811e11ae79d2a4d_bg-home-hero-esports-template.jpg]
[assets-global.website-files.com/60358955e12a8a2413b99edc/6035aac81fc3b44b1a3b1e2d_image-home-about-video-esports-template.jpg]
[assets-global.website-files.com/60358955e12a8a2413b99edc/6035b2ae30dbf469741aa817_bg-match-esports-template.jpg]
[assets-global.website-files.com/60358955e12a8a2413b99edc/60368030de90ac58344ddd8e_bg-2-match-esports-template.jpg]
[assets-global.website-files.com/60358955e12a8a2413b99edc/603680bdb944ca60ece542a5_bg-3-match-esports-template.jpg]
[assets-global.website-files.com/60358955e12a8aa033b99eed/6036a378ae900b289b840721_image-6-blog-post-esports-template.jpg]
[assets-global.website-files.com/60358955e12a8aa033b99eed/6036a989491209bfc36df462_image-2-blog-post-esports-template.jpg]
[assets-global.website-files.com/60358955e12a8aa033b99eed/6036a91e3bf20805d9d86e06_image-3-blog-post-esports-template.jpg]
[assets-global.website-files.com/60358955e12a8aa033b99eed/6036a85a7493721fa6d4ab50_image-4-blog-post-esports-template.jpg]
[esportstemplate.webflow.io/home.html]
[assets-global.website-files.com/60358955e12a8a2413b99edc/603686c9b7df9139e41fb0f5_bg-cta-esports-template.jpg]
[assets-global.website-files.com/60358955e12a8aa033b99eed/6036a789f04d9fda3fa02d7f_image-5-blog-post-esports-template.jpg]
[assets-global.website-files.com/60358955e12a8a2413b99edc/6037d6576c6ef2d1f43c8dc2_image-about-hero-esports-template.jpg]
[assets-global.website-files.com/60358955e12a8a2413b99edc/6037dc923324592368cfeede_image-1-story-esports-template.jpg]
[assets-global.website-files.com/60358955e12a8a2413b99edc/6037dc93ca4179a21fa05fe1_image-2-story-esports-template.jpg]
[assets-global.website-files.com/60358955e12a8a2413b99edc/6037e2632f19c34e9c19de0c_image-1-about-start-esports-template.jpg]
[esportstemplate.webflow.io/about.html]
[assets-global.website-files.com/60358955e12a8a2413b99edc/6037e263ffd5a1c8b428c8db_image-2-about-start-esports-template.jpg]
[assets-global.website-files.com/60358955e12a8aa033b99eed/6036bd6a50d8f8df3aa7fcd3_image-1-team-esports-template.png]
[assets-global.website-files.com/60358955e12a8aa033b99eed/6036bd87481a9084b4f53e3c_image-2-team-esports-template.png]
[assets-global.website-files.com/60358955e12a8aa033b99eed/6036bd7d904d992f911b78e6_image-3-team-esports-template.png]
[esportstemplate.webflow.io/team.html]
[esportstemplate.webflow.io/sponsors.html]
[esportstemplate.webflow.io/404.html]
[esportstemplate.webflow.io/401.html]
[esportstemplate.webflow.io/team/john-carter.html]
[esportstemplate.webflow.io/blog.html]
[esportstemplate.webflow.io/article/our-new-branded-headphones-are-now-for-sale.html]
[esportstemplate.webflow.io/product/esports-team-shirt-black-line.html]
[esportstemplate.webflow.io/contact.html]
[esportstemplate.webflow.io/utility-pages/style-guide.html]
[esportstemplate.webflow.io/utility-pages/start-here.html]
[esportstemplate.webflow.io/utility-pages/licenses.html]
[esportstemplate.webflow.io/utility-pages/changelog.html]
[esportstemplate.webflow.io/checkout.html]
[esportstemplate.webflow.io/product/esports-team-shirt-white-line.html]
[esportstemplate.webflow.io/product/esports-team-hoodie-black-line.html]
[esportstemplate.webflow.io/product/esports-team-hoodie-white-line.html]
[esportstemplate.webflow.io/product/esports-team-backpack-black-line.html]
[esportstemplate.webflow.io/product/esports-team-backpack-white-line.html]
[esportstemplate.webflow.io/product/esports-team-cap-black-line.html]
[esportstemplate.webflow.io/product/esports-team-cap-white-line.html]
[esportstemplate.webflow.io/article/the-best-keyboard-for-high-end-gaming.html]
[esportstemplate.webflow.io/article/3-amazing-pc-brands-for-your-next-gaming-pc.html]
[esportstemplate.webflow.io/article/new-dragon-esports-pc-merch-announced.html]
[esportstemplate.webflow.io/article/2021-xbox-gold-tournament-date-announced.html]
[esportstemplate.webflow.io/team/kevin-cannon.html]
[esportstemplate.webflow.io/team/dan-clark.html]
[esportstemplate.webflow.io/team/matt-sanders.html]
[esportstemplate.webflow.io/team/aaron-white.html]
[esportstemplate.webflow.io/team/charles-miller.html]
